// Jest Snapshot v1, https://goo.gl/fbAQLP

exports[`ProjectTile component should render as expected 1`] = `
<div
  className="projectTile__container"
>
  <h3
    className="projectTile__heading"
  >
    <a
      href={undefined}
    />
    <img
      className="projectTile__logo"
      src=""
    />
  </h3>
  <p
    className="projectTile__description"
  />
  <button
    className="projectTile__videoButton"
    onClick={[Function]}
  >
    <svg
      fill="currentColor"
      height="1em"
      preserveAspectRatio="xMidYMid meet"
      style={
        Object {
          "color": undefined,
          "verticalAlign": "middle",
        }
      }
      viewBox="0 0 40 40"
      width="1em"
    >
      <g>
        <path
          d="m20.1 2.9q4.7 0 8.6 2.3t6.3 6.2 2.3 8.6-2.3 8.6-6.3 6.2-8.6 2.3-8.6-2.3-6.2-6.2-2.3-8.6 2.3-8.6 6.2-6.2 8.6-2.3z m8.6 18.3q0.7-0.4 0.7-1.2t-0.7-1.2l-12.1-7.2q-0.7-0.4-1.5 0-0.7 0.4-0.7 1.3v14.2q0 0.9 0.7 1.3 0.4 0.2 0.8 0.2 0.3 0 0.7-0.2z"
        />
      </g>
    </svg>
     Erkl√§rvideo
  </button>
  <div
    className="gitHubStats__container"
    onClick={[Function]}
  >
    <div
      className="gitHubStats__stat"
    >
      <p
        className="gitHubStats__icon"
      >
        <svg
          fill="currentColor"
          height="1em"
          preserveAspectRatio="xMidYMid meet"
          style={
            Object {
              "color": undefined,
              "verticalAlign": "middle",
            }
          }
          viewBox="0 0 40 40"
          width="1em"
        >
          <g>
            <path
              d="m26.3 7.5l-3.8 3.8 8.8 8.7-8.8 8.8 3.8 3.7 11.2-12.5-11.2-12.5z m-12.5 0l-11.3 12.5 11.3 12.5 3.7-3.7-8.7-8.8 8.7-8.7-3.7-3.8z"
            />
          </g>
        </svg>
      </p>
      <p
        className="gitHubStats__description"
      />
    </div>
    <div
      className="gitHubStats__stat"
    >
      <p
        className="gitHubStats__icon"
      >
        <svg
          fill="currentColor"
          height="1em"
          preserveAspectRatio="xMidYMid meet"
          style={
            Object {
              "color": undefined,
              "verticalAlign": "middle",
            }
          }
          viewBox="0 0 40 40"
          width="1em"
        >
          <g>
            <path
              d="m35 5c0-2.8-2.2-5-5-5s-5 2.2-5 5c0 1.8 1 3.5 2.5 4.3v4.2l-7.5 8.3-7.5-8.3v-4.2c1.5-0.8 2.5-2.4 2.5-4.3 0-2.8-2.2-5-5-5s-5 2.2-5 5c0 1.8 1 3.5 2.5 4.3v6.1l10 11v4.3c-1.5 0.9-2.5 2.5-2.5 4.3 0 2.8 2.2 5 5 5s5-2.2 5-5c0-1.8-1-3.4-2.5-4.3v-4.3l10-11v-6.1c1.5-0.8 2.5-2.4 2.5-4.3z m-25-2.5c1.3 0 2.4 1.1 2.4 2.5s-1.1 2.4-2.4 2.4-2.4-1.1-2.4-2.4 1.1-2.5 2.4-2.5z m10 34.8c-1.3 0-2.4-1-2.4-2.4s1.1-2.4 2.4-2.4 2.4 1.1 2.4 2.4-1.1 2.4-2.4 2.4z m10-34.8c1.3 0 2.4 1.1 2.4 2.5s-1.1 2.4-2.4 2.4-2.4-1.1-2.4-2.4 1.1-2.5 2.4-2.5z"
            />
          </g>
        </svg>
      </p>
      <p
        className="gitHubStats__description"
      />
    </div>
    <div
      className="gitHubStats__stat"
    >
      <p
        className="gitHubStats__icon"
      >
        <svg
          fill="currentColor"
          height="1em"
          preserveAspectRatio="xMidYMid meet"
          style={
            Object {
              "color": undefined,
              "verticalAlign": "middle",
            }
          }
          viewBox="0 0 40 40"
          width="1em"
        >
          <g>
            <path
              d="m37.5 15l-12.2-1.6-5.3-10.9-5.3 10.9-12.2 1.6 9 8.2-2.3 11.8 10.8-5.8 10.8 5.8-2.3-11.8 9-8.2z"
            />
          </g>
        </svg>
      </p>
      <p
        className="gitHubStats__description"
      />
    </div>
    <div
      className="gitHubStats__stat"
    >
      <p
        className="gitHubStats__icon"
      >
        <svg
          fill="currentColor"
          height="1em"
          preserveAspectRatio="xMidYMid meet"
          style={
            Object {
              "color": undefined,
              "verticalAlign": "middle",
            }
          }
          viewBox="0 0 40 40"
          width="1em"
        >
          <g>
            <path
              d="m35.9 31.4q0 2.6-1.6 4.2t-4.3 1.5h-19.5q-2.7 0-4.4-1.5t-1.6-4.2q0-1.2 0.1-2.3t0.3-2.5 0.6-2.4 0.9-2.2 1.4-1.8 1.9-1.2 2.5-0.4q0.2 0 1 0.5t1.6 1 2.4 1.1 3 0.5 3-0.5 2.4-1.1 1.7-1 0.9-0.5q1.4 0 2.5 0.4t1.9 1.2 1.4 1.8 0.9 2.2 0.6 2.4 0.4 2.5 0 2.3z m-7.1-20q0 3.6-2.5 6.1t-6.1 2.5-6-2.5-2.6-6.1 2.6-6 6-2.5 6.1 2.5 2.5 6z"
            />
          </g>
        </svg>
      </p>
      <p
        className="gitHubStats__description"
      />
    </div>
  </div>
</div>
`;
