// Jest Snapshot v1, https://goo.gl/fbAQLP

exports[`App component should render as expected 1`] = `
<article
  className="app__container"
>
  <nav
    className="navigation__container"
  >
    <div
      className="navigation__toggle"
      onClick={[Function]}
    >
      <span />
      <span />
      <span />
    </div>
    <ul
      className="navigation__list"
    >
      <li
        className="navigation__item navigation__item--logo"
        onClick={[Function]}
      >
        <img
          alt="Axel Springer SE Logo"
          className="navigation__logo"
          src="static/as_logo.svg"
        />
      </li>
      <li
        className="navigation__item"
        onClick={[Function]}
      >
        Our Projects
      </li>
      <li
        className="navigation__item"
        onClick={[Function]}
      >
        Jobs
      </li>
    </ul>
  </nav>
  <header
    className="hero__container"
    id="home"
  >
    <p
      className="hero__text"
    >
      Lorem 
      <strong>
        ipsum
      </strong>
       dolor sit amet, consetetur sadipscing elitr, sed diam nonumy eirmod tempor invidunt ut labore et dolore magna aliquyam erat, sed diam voluptua. At vero eos et accusam et justo duo dolores et ea rebum. 
      <strong>
        Stet clita
      </strong>
       kasd gubergren, no sea takimata sanctus est Lorem 
      <strong>
        ipsum dolor sit
      </strong>
       amet. Lorem ipsum dolor sit amet, consetetur sadipscing elitr, sed diam nonumy eirmod tempor invidunt ut labore et dolore magna aliquyam erat, sed diam voluptua. At vero eos et accusam et 
      <strong>
        justo duo dolores
      </strong>
       et ea rebum. Stet clita kasd gubergren, no sea takimata sanctus est Lorem ipsum dolor sit amet.
      <span
        className="hero__author"
      >
        Äxel
      </span>
    </p>
    <p
      className="socials__container"
    >
      <a
        className="socials__item"
        href="https://www.facebook.com/AxelSpringerKarriere/"
      >
        <svg
          fill="currentColor"
          height="1em"
          preserveAspectRatio="xMidYMid meet"
          style={
            Object {
              "color": undefined,
              "verticalAlign": "middle",
            }
          }
          viewBox="0 0 40 40"
          width="1em"
        >
          <g>
            <path
              d="m29.4 0.3v5.9h-3.5q-1.9 0-2.6 0.8t-0.7 2.4v4.2h6.6l-0.9 6.6h-5.7v16.9h-6.8v-16.9h-5.7v-6.6h5.7v-4.9q0-4.1 2.3-6.4t6.2-2.3q3.3 0 5.1 0.3z"
            />
          </g>
        </svg>
      </a>
      <a
        className="socials__item"
        href=""
      >
        <svg
          fill="currentColor"
          height="1em"
          preserveAspectRatio="xMidYMid meet"
          style={
            Object {
              "color": undefined,
              "verticalAlign": "middle",
            }
          }
          viewBox="0 0 40 40"
          width="1em"
        >
          <g>
            <path
              d="m25.2 20.3q0 3.6-1.6 6.5t-4.3 4.4-6.5 1.6q-2.6 0-5-1t-4.1-2.7-2.7-4.1-1-5 1-5 2.7-4.1 4.1-2.7 5-1q5 0 8.6 3.3l-3.5 3.4q-2-2-5.1-2-2.1 0-4 1.1t-2.8 2.9-1.1 4.1 1.1 4.1 2.8 2.9 4 1.1q1.5 0 2.7-0.4t2-1 1.4-1.4 0.8-1.4 0.4-1.3h-7.3v-4.4h12.1q0.3 1.1 0.3 2.1z m15.1-2.1v3.6h-3.6v3.7h-3.7v-3.7h-3.7v-3.6h3.7v-3.7h3.7v3.7h3.6z"
            />
          </g>
        </svg>
      </a>
      <a
        className="socials__item"
        href="https://twitter.com/axelspringer"
      >
        <svg
          fill="currentColor"
          height="1em"
          preserveAspectRatio="xMidYMid meet"
          style={
            Object {
              "color": undefined,
              "verticalAlign": "middle",
            }
          }
          viewBox="0 0 40 40"
          width="1em"
        >
          <g>
            <path
              d="m37.7 9.1q-1.5 2.2-3.7 3.7 0.1 0.3 0.1 1 0 2.9-0.9 5.8t-2.6 5.5-4.1 4.7-5.7 3.3-7.2 1.2q-6.1 0-11.1-3.3 0.8 0.1 1.7 0.1 5 0 9-3-2.4-0.1-4.2-1.5t-2.6-3.5q0.8 0.1 1.4 0.1 1 0 1.9-0.3-2.5-0.5-4.1-2.5t-1.7-4.6v0q1.5 0.8 3.3 0.9-1.5-1-2.4-2.6t-0.8-3.4q0-2 0.9-3.7 2.7 3.4 6.6 5.4t8.3 2.2q-0.2-0.9-0.2-1.7 0-3 2.1-5.1t5.1-2.1q3.2 0 5.3 2.3 2.4-0.5 4.6-1.7-0.8 2.5-3.2 3.9 2.1-0.2 4.2-1.1z"
            />
          </g>
        </svg>
      </a>
    </p>
    <ProgressiveImage
      blurRadius="20"
      className="hero__image"
      src="static/work.jpg"
      thumbnail="static/thumbnails/work.jpg"
    />
    <img
      className="hero__scrollDown"
      onClick={[Function]}
      src="static/arrow.png"
    />
  </header>
  <section
    className="projects__container"
    id="projects"
  >
    <h2
      className="sectionHeading projects__heading"
    >
      Projects
    </h2>
    <div
      className="projects__tiles"
    >
      <div
        className="projectTile__container"
      >
        <h3
          className="projectTile__heading"
        >
          <a
            href={undefined}
          >
            Lorem ipsum dolor sit amet
          </a>
          <img
            className="projectTile__logo"
            src=""
          />
        </h3>
        <p
          className="projectTile__description"
        >
          Lorem ipsum dolor sit amet, consetetur sadipscing elitr, sed diam nonumy eirmod tempor invidunt ut labore et dolore magna aliquyam erat
        </p>
        <button
          className="projectTile__videoButton"
          onClick={[Function]}
        >
          <svg
            fill="currentColor"
            height="1em"
            preserveAspectRatio="xMidYMid meet"
            style={
              Object {
                "color": undefined,
                "verticalAlign": "middle",
              }
            }
            viewBox="0 0 40 40"
            width="1em"
          >
            <g>
              <path
                d="m20.1 2.9q4.7 0 8.6 2.3t6.3 6.2 2.3 8.6-2.3 8.6-6.3 6.2-8.6 2.3-8.6-2.3-6.2-6.2-2.3-8.6 2.3-8.6 6.2-6.2 8.6-2.3z m8.6 18.3q0.7-0.4 0.7-1.2t-0.7-1.2l-12.1-7.2q-0.7-0.4-1.5 0-0.7 0.4-0.7 1.3v14.2q0 0.9 0.7 1.3 0.4 0.2 0.8 0.2 0.3 0 0.7-0.2z"
              />
            </g>
          </svg>
           Erklärvideo
        </button>
        <div
          className="gitHubStats__container"
          onClick={[Function]}
        >
          <div
            className="gitHubStats__stat"
          >
            <p
              className="gitHubStats__icon"
            >
              <svg
                fill="currentColor"
                height="1em"
                preserveAspectRatio="xMidYMid meet"
                style={
                  Object {
                    "color": undefined,
                    "verticalAlign": "middle",
                  }
                }
                viewBox="0 0 40 40"
                width="1em"
              >
                <g>
                  <path
                    d="m26.3 7.5l-3.8 3.8 8.8 8.7-8.8 8.8 3.8 3.7 11.2-12.5-11.2-12.5z m-12.5 0l-11.3 12.5 11.3 12.5 3.7-3.7-8.7-8.8 8.7-8.7-3.7-3.8z"
                  />
                </g>
              </svg>
            </p>
            <p
              className="gitHubStats__description"
            />
          </div>
          <div
            className="gitHubStats__stat"
          >
            <p
              className="gitHubStats__icon"
            >
              <svg
                fill="currentColor"
                height="1em"
                preserveAspectRatio="xMidYMid meet"
                style={
                  Object {
                    "color": undefined,
                    "verticalAlign": "middle",
                  }
                }
                viewBox="0 0 40 40"
                width="1em"
              >
                <g>
                  <path
                    d="m35 5c0-2.8-2.2-5-5-5s-5 2.2-5 5c0 1.8 1 3.5 2.5 4.3v4.2l-7.5 8.3-7.5-8.3v-4.2c1.5-0.8 2.5-2.4 2.5-4.3 0-2.8-2.2-5-5-5s-5 2.2-5 5c0 1.8 1 3.5 2.5 4.3v6.1l10 11v4.3c-1.5 0.9-2.5 2.5-2.5 4.3 0 2.8 2.2 5 5 5s5-2.2 5-5c0-1.8-1-3.4-2.5-4.3v-4.3l10-11v-6.1c1.5-0.8 2.5-2.4 2.5-4.3z m-25-2.5c1.3 0 2.4 1.1 2.4 2.5s-1.1 2.4-2.4 2.4-2.4-1.1-2.4-2.4 1.1-2.5 2.4-2.5z m10 34.8c-1.3 0-2.4-1-2.4-2.4s1.1-2.4 2.4-2.4 2.4 1.1 2.4 2.4-1.1 2.4-2.4 2.4z m10-34.8c1.3 0 2.4 1.1 2.4 2.5s-1.1 2.4-2.4 2.4-2.4-1.1-2.4-2.4 1.1-2.5 2.4-2.5z"
                  />
                </g>
              </svg>
            </p>
            <p
              className="gitHubStats__description"
            />
          </div>
          <div
            className="gitHubStats__stat"
          >
            <p
              className="gitHubStats__icon"
            >
              <svg
                fill="currentColor"
                height="1em"
                preserveAspectRatio="xMidYMid meet"
                style={
                  Object {
                    "color": undefined,
                    "verticalAlign": "middle",
                  }
                }
                viewBox="0 0 40 40"
                width="1em"
              >
                <g>
                  <path
                    d="m37.5 15l-12.2-1.6-5.3-10.9-5.3 10.9-12.2 1.6 9 8.2-2.3 11.8 10.8-5.8 10.8 5.8-2.3-11.8 9-8.2z"
                  />
                </g>
              </svg>
            </p>
            <p
              className="gitHubStats__description"
            />
          </div>
          <div
            className="gitHubStats__stat"
          >
            <p
              className="gitHubStats__icon"
            >
              <svg
                fill="currentColor"
                height="1em"
                preserveAspectRatio="xMidYMid meet"
                style={
                  Object {
                    "color": undefined,
                    "verticalAlign": "middle",
                  }
                }
                viewBox="0 0 40 40"
                width="1em"
              >
                <g>
                  <path
                    d="m35.9 31.4q0 2.6-1.6 4.2t-4.3 1.5h-19.5q-2.7 0-4.4-1.5t-1.6-4.2q0-1.2 0.1-2.3t0.3-2.5 0.6-2.4 0.9-2.2 1.4-1.8 1.9-1.2 2.5-0.4q0.2 0 1 0.5t1.6 1 2.4 1.1 3 0.5 3-0.5 2.4-1.1 1.7-1 0.9-0.5q1.4 0 2.5 0.4t1.9 1.2 1.4 1.8 0.9 2.2 0.6 2.4 0.4 2.5 0 2.3z m-7.1-20q0 3.6-2.5 6.1t-6.1 2.5-6-2.5-2.6-6.1 2.6-6 6-2.5 6.1 2.5 2.5 6z"
                  />
                </g>
              </svg>
            </p>
            <p
              className="gitHubStats__description"
            />
          </div>
        </div>
      </div>
      <div
        className="projectTile__container"
      >
        <h3
          className="projectTile__heading"
        >
          <a
            href={undefined}
          >
            consetetur sadipscing elitr
          </a>
          <img
            className="projectTile__logo"
            src=""
          />
        </h3>
        <p
          className="projectTile__description"
        >
          Lorem ipsum dolor sit amet, consetetur sadipscing elitr, sed diam nonumy eirmod tempor invidunt ut labore et dolore magna aliquyam erat
        </p>
        <button
          className="projectTile__videoButton"
          onClick={[Function]}
        >
          <svg
            fill="currentColor"
            height="1em"
            preserveAspectRatio="xMidYMid meet"
            style={
              Object {
                "color": undefined,
                "verticalAlign": "middle",
              }
            }
            viewBox="0 0 40 40"
            width="1em"
          >
            <g>
              <path
                d="m20.1 2.9q4.7 0 8.6 2.3t6.3 6.2 2.3 8.6-2.3 8.6-6.3 6.2-8.6 2.3-8.6-2.3-6.2-6.2-2.3-8.6 2.3-8.6 6.2-6.2 8.6-2.3z m8.6 18.3q0.7-0.4 0.7-1.2t-0.7-1.2l-12.1-7.2q-0.7-0.4-1.5 0-0.7 0.4-0.7 1.3v14.2q0 0.9 0.7 1.3 0.4 0.2 0.8 0.2 0.3 0 0.7-0.2z"
              />
            </g>
          </svg>
           Erklärvideo
        </button>
        <div
          className="gitHubStats__container"
          onClick={[Function]}
        >
          <div
            className="gitHubStats__stat"
          >
            <p
              className="gitHubStats__icon"
            >
              <svg
                fill="currentColor"
                height="1em"
                preserveAspectRatio="xMidYMid meet"
                style={
                  Object {
                    "color": undefined,
                    "verticalAlign": "middle",
                  }
                }
                viewBox="0 0 40 40"
                width="1em"
              >
                <g>
                  <path
                    d="m26.3 7.5l-3.8 3.8 8.8 8.7-8.8 8.8 3.8 3.7 11.2-12.5-11.2-12.5z m-12.5 0l-11.3 12.5 11.3 12.5 3.7-3.7-8.7-8.8 8.7-8.7-3.7-3.8z"
                  />
                </g>
              </svg>
            </p>
            <p
              className="gitHubStats__description"
            />
          </div>
          <div
            className="gitHubStats__stat"
          >
            <p
              className="gitHubStats__icon"
            >
              <svg
                fill="currentColor"
                height="1em"
                preserveAspectRatio="xMidYMid meet"
                style={
                  Object {
                    "color": undefined,
                    "verticalAlign": "middle",
                  }
                }
                viewBox="0 0 40 40"
                width="1em"
              >
                <g>
                  <path
                    d="m35 5c0-2.8-2.2-5-5-5s-5 2.2-5 5c0 1.8 1 3.5 2.5 4.3v4.2l-7.5 8.3-7.5-8.3v-4.2c1.5-0.8 2.5-2.4 2.5-4.3 0-2.8-2.2-5-5-5s-5 2.2-5 5c0 1.8 1 3.5 2.5 4.3v6.1l10 11v4.3c-1.5 0.9-2.5 2.5-2.5 4.3 0 2.8 2.2 5 5 5s5-2.2 5-5c0-1.8-1-3.4-2.5-4.3v-4.3l10-11v-6.1c1.5-0.8 2.5-2.4 2.5-4.3z m-25-2.5c1.3 0 2.4 1.1 2.4 2.5s-1.1 2.4-2.4 2.4-2.4-1.1-2.4-2.4 1.1-2.5 2.4-2.5z m10 34.8c-1.3 0-2.4-1-2.4-2.4s1.1-2.4 2.4-2.4 2.4 1.1 2.4 2.4-1.1 2.4-2.4 2.4z m10-34.8c1.3 0 2.4 1.1 2.4 2.5s-1.1 2.4-2.4 2.4-2.4-1.1-2.4-2.4 1.1-2.5 2.4-2.5z"
                  />
                </g>
              </svg>
            </p>
            <p
              className="gitHubStats__description"
            />
          </div>
          <div
            className="gitHubStats__stat"
          >
            <p
              className="gitHubStats__icon"
            >
              <svg
                fill="currentColor"
                height="1em"
                preserveAspectRatio="xMidYMid meet"
                style={
                  Object {
                    "color": undefined,
                    "verticalAlign": "middle",
                  }
                }
                viewBox="0 0 40 40"
                width="1em"
              >
                <g>
                  <path
                    d="m37.5 15l-12.2-1.6-5.3-10.9-5.3 10.9-12.2 1.6 9 8.2-2.3 11.8 10.8-5.8 10.8 5.8-2.3-11.8 9-8.2z"
                  />
                </g>
              </svg>
            </p>
            <p
              className="gitHubStats__description"
            />
          </div>
          <div
            className="gitHubStats__stat"
          >
            <p
              className="gitHubStats__icon"
            >
              <svg
                fill="currentColor"
                height="1em"
                preserveAspectRatio="xMidYMid meet"
                style={
                  Object {
                    "color": undefined,
                    "verticalAlign": "middle",
                  }
                }
                viewBox="0 0 40 40"
                width="1em"
              >
                <g>
                  <path
                    d="m35.9 31.4q0 2.6-1.6 4.2t-4.3 1.5h-19.5q-2.7 0-4.4-1.5t-1.6-4.2q0-1.2 0.1-2.3t0.3-2.5 0.6-2.4 0.9-2.2 1.4-1.8 1.9-1.2 2.5-0.4q0.2 0 1 0.5t1.6 1 2.4 1.1 3 0.5 3-0.5 2.4-1.1 1.7-1 0.9-0.5q1.4 0 2.5 0.4t1.9 1.2 1.4 1.8 0.9 2.2 0.6 2.4 0.4 2.5 0 2.3z m-7.1-20q0 3.6-2.5 6.1t-6.1 2.5-6-2.5-2.6-6.1 2.6-6 6-2.5 6.1 2.5 2.5 6z"
                  />
                </g>
              </svg>
            </p>
            <p
              className="gitHubStats__description"
            />
          </div>
        </div>
      </div>
      <div
        className="projectTile__container"
      >
        <h3
          className="projectTile__heading"
        >
          <a
            href={undefined}
          >
            diam nonumy eirmod tempor invidunt
          </a>
          <img
            className="projectTile__logo"
            src=""
          />
        </h3>
        <p
          className="projectTile__description"
        >
          Lorem ipsum dolor sit amet, consetetur sadipscing elitr, sed diam nonumy eirmod tempor invidunt ut labore et dolore magna aliquyam erat
        </p>
        <button
          className="projectTile__videoButton"
          onClick={[Function]}
        >
          <svg
            fill="currentColor"
            height="1em"
            preserveAspectRatio="xMidYMid meet"
            style={
              Object {
                "color": undefined,
                "verticalAlign": "middle",
              }
            }
            viewBox="0 0 40 40"
            width="1em"
          >
            <g>
              <path
                d="m20.1 2.9q4.7 0 8.6 2.3t6.3 6.2 2.3 8.6-2.3 8.6-6.3 6.2-8.6 2.3-8.6-2.3-6.2-6.2-2.3-8.6 2.3-8.6 6.2-6.2 8.6-2.3z m8.6 18.3q0.7-0.4 0.7-1.2t-0.7-1.2l-12.1-7.2q-0.7-0.4-1.5 0-0.7 0.4-0.7 1.3v14.2q0 0.9 0.7 1.3 0.4 0.2 0.8 0.2 0.3 0 0.7-0.2z"
              />
            </g>
          </svg>
           Erklärvideo
        </button>
        <div
          className="gitHubStats__container"
          onClick={[Function]}
        >
          <div
            className="gitHubStats__stat"
          >
            <p
              className="gitHubStats__icon"
            >
              <svg
                fill="currentColor"
                height="1em"
                preserveAspectRatio="xMidYMid meet"
                style={
                  Object {
                    "color": undefined,
                    "verticalAlign": "middle",
                  }
                }
                viewBox="0 0 40 40"
                width="1em"
              >
                <g>
                  <path
                    d="m26.3 7.5l-3.8 3.8 8.8 8.7-8.8 8.8 3.8 3.7 11.2-12.5-11.2-12.5z m-12.5 0l-11.3 12.5 11.3 12.5 3.7-3.7-8.7-8.8 8.7-8.7-3.7-3.8z"
                  />
                </g>
              </svg>
            </p>
            <p
              className="gitHubStats__description"
            />
          </div>
          <div
            className="gitHubStats__stat"
          >
            <p
              className="gitHubStats__icon"
            >
              <svg
                fill="currentColor"
                height="1em"
                preserveAspectRatio="xMidYMid meet"
                style={
                  Object {
                    "color": undefined,
                    "verticalAlign": "middle",
                  }
                }
                viewBox="0 0 40 40"
                width="1em"
              >
                <g>
                  <path
                    d="m35 5c0-2.8-2.2-5-5-5s-5 2.2-5 5c0 1.8 1 3.5 2.5 4.3v4.2l-7.5 8.3-7.5-8.3v-4.2c1.5-0.8 2.5-2.4 2.5-4.3 0-2.8-2.2-5-5-5s-5 2.2-5 5c0 1.8 1 3.5 2.5 4.3v6.1l10 11v4.3c-1.5 0.9-2.5 2.5-2.5 4.3 0 2.8 2.2 5 5 5s5-2.2 5-5c0-1.8-1-3.4-2.5-4.3v-4.3l10-11v-6.1c1.5-0.8 2.5-2.4 2.5-4.3z m-25-2.5c1.3 0 2.4 1.1 2.4 2.5s-1.1 2.4-2.4 2.4-2.4-1.1-2.4-2.4 1.1-2.5 2.4-2.5z m10 34.8c-1.3 0-2.4-1-2.4-2.4s1.1-2.4 2.4-2.4 2.4 1.1 2.4 2.4-1.1 2.4-2.4 2.4z m10-34.8c1.3 0 2.4 1.1 2.4 2.5s-1.1 2.4-2.4 2.4-2.4-1.1-2.4-2.4 1.1-2.5 2.4-2.5z"
                  />
                </g>
              </svg>
            </p>
            <p
              className="gitHubStats__description"
            />
          </div>
          <div
            className="gitHubStats__stat"
          >
            <p
              className="gitHubStats__icon"
            >
              <svg
                fill="currentColor"
                height="1em"
                preserveAspectRatio="xMidYMid meet"
                style={
                  Object {
                    "color": undefined,
                    "verticalAlign": "middle",
                  }
                }
                viewBox="0 0 40 40"
                width="1em"
              >
                <g>
                  <path
                    d="m37.5 15l-12.2-1.6-5.3-10.9-5.3 10.9-12.2 1.6 9 8.2-2.3 11.8 10.8-5.8 10.8 5.8-2.3-11.8 9-8.2z"
                  />
                </g>
              </svg>
            </p>
            <p
              className="gitHubStats__description"
            />
          </div>
          <div
            className="gitHubStats__stat"
          >
            <p
              className="gitHubStats__icon"
            >
              <svg
                fill="currentColor"
                height="1em"
                preserveAspectRatio="xMidYMid meet"
                style={
                  Object {
                    "color": undefined,
                    "verticalAlign": "middle",
                  }
                }
                viewBox="0 0 40 40"
                width="1em"
              >
                <g>
                  <path
                    d="m35.9 31.4q0 2.6-1.6 4.2t-4.3 1.5h-19.5q-2.7 0-4.4-1.5t-1.6-4.2q0-1.2 0.1-2.3t0.3-2.5 0.6-2.4 0.9-2.2 1.4-1.8 1.9-1.2 2.5-0.4q0.2 0 1 0.5t1.6 1 2.4 1.1 3 0.5 3-0.5 2.4-1.1 1.7-1 0.9-0.5q1.4 0 2.5 0.4t1.9 1.2 1.4 1.8 0.9 2.2 0.6 2.4 0.4 2.5 0 2.3z m-7.1-20q0 3.6-2.5 6.1t-6.1 2.5-6-2.5-2.6-6.1 2.6-6 6-2.5 6.1 2.5 2.5 6z"
                  />
                </g>
              </svg>
            </p>
            <p
              className="gitHubStats__description"
            />
          </div>
        </div>
      </div>
    </div>
  </section>
  <section
    className="jobs__container"
    id="jobs"
  >
    <div
      className="jobs__headingContainer"
    >
      <h2
        className="sectionHeading jobs__heading"
      >
        Jobs
      </h2>
    </div>
    <Gallery />
    <div
      className="jobs__advertisement"
    >
      <p
        className="jobs__adHeading"
      >
        Lust bei uns mitzucoden?
      </p>
      <p
        className="jobs__adSubheading"
      >
        Dann gleich auf unserem Karriereportal nachschauen:
      </p>
      <p
        className="jobs__adSubheading"
      >
        <strong>
          Wir haben viele offene IT-Stellen!
        </strong>
      </p>
    </div>
    <a
      className="jobs__buttonJobs button"
      href="https://career.axelspringer.com/"
    >
      Hier geht's zu unseren Jobs
    </a>
  </section>
  <footer
    className="footer__container"
  >
    <div
      className="footer__content"
    >
      <p
        className="socials__container"
      >
        <a
          className="socials__item"
          href="https://www.facebook.com/AxelSpringerKarriere/"
        >
          <svg
            fill="currentColor"
            height="1em"
            preserveAspectRatio="xMidYMid meet"
            style={
              Object {
                "color": undefined,
                "verticalAlign": "middle",
              }
            }
            viewBox="0 0 40 40"
            width="1em"
          >
            <g>
              <path
                d="m29.4 0.3v5.9h-3.5q-1.9 0-2.6 0.8t-0.7 2.4v4.2h6.6l-0.9 6.6h-5.7v16.9h-6.8v-16.9h-5.7v-6.6h5.7v-4.9q0-4.1 2.3-6.4t6.2-2.3q3.3 0 5.1 0.3z"
              />
            </g>
          </svg>
        </a>
        <a
          className="socials__item"
          href=""
        >
          <svg
            fill="currentColor"
            height="1em"
            preserveAspectRatio="xMidYMid meet"
            style={
              Object {
                "color": undefined,
                "verticalAlign": "middle",
              }
            }
            viewBox="0 0 40 40"
            width="1em"
          >
            <g>
              <path
                d="m25.2 20.3q0 3.6-1.6 6.5t-4.3 4.4-6.5 1.6q-2.6 0-5-1t-4.1-2.7-2.7-4.1-1-5 1-5 2.7-4.1 4.1-2.7 5-1q5 0 8.6 3.3l-3.5 3.4q-2-2-5.1-2-2.1 0-4 1.1t-2.8 2.9-1.1 4.1 1.1 4.1 2.8 2.9 4 1.1q1.5 0 2.7-0.4t2-1 1.4-1.4 0.8-1.4 0.4-1.3h-7.3v-4.4h12.1q0.3 1.1 0.3 2.1z m15.1-2.1v3.6h-3.6v3.7h-3.7v-3.7h-3.7v-3.6h3.7v-3.7h3.7v3.7h3.6z"
              />
            </g>
          </svg>
        </a>
        <a
          className="socials__item"
          href="https://twitter.com/axelspringer"
        >
          <svg
            fill="currentColor"
            height="1em"
            preserveAspectRatio="xMidYMid meet"
            style={
              Object {
                "color": undefined,
                "verticalAlign": "middle",
              }
            }
            viewBox="0 0 40 40"
            width="1em"
          >
            <g>
              <path
                d="m37.7 9.1q-1.5 2.2-3.7 3.7 0.1 0.3 0.1 1 0 2.9-0.9 5.8t-2.6 5.5-4.1 4.7-5.7 3.3-7.2 1.2q-6.1 0-11.1-3.3 0.8 0.1 1.7 0.1 5 0 9-3-2.4-0.1-4.2-1.5t-2.6-3.5q0.8 0.1 1.4 0.1 1 0 1.9-0.3-2.5-0.5-4.1-2.5t-1.7-4.6v0q1.5 0.8 3.3 0.9-1.5-1-2.4-2.6t-0.8-3.4q0-2 0.9-3.7 2.7 3.4 6.6 5.4t8.3 2.2q-0.2-0.9-0.2-1.7 0-3 2.1-5.1t5.1-2.1q3.2 0 5.3 2.3 2.4-0.5 4.6-1.7-0.8 2.5-3.2 3.9 2.1-0.2 4.2-1.1z"
              />
            </g>
          </svg>
        </a>
      </p>
      <p
        className="footer__links"
      >
        <a
          href="http://www.axelspringer.de/artikel/Impressum_40386.html"
        >
          Impressum
        </a>
        <a
          href="http://www.axelspringer.de/artikel/Hinweise-zum-Datenschutz_40410.html"
        >
          Hinweise zum Datenschutz
        </a>
      </p>
    </div>
  </footer>
</article>
`;
