// Jest Snapshot v1, https://goo.gl/fbAQLP

exports[`Hero component should render as expected 1`] = `
<header
  className="hero__container"
  id="home"
>
  <p
    className="hero__text"
  >
    Lorem 
    <strong>
      ipsum
    </strong>
     dolor sit amet, consetetur sadipscing elitr, sed diam nonumy eirmod tempor invidunt ut labore et dolore magna aliquyam erat, sed diam voluptua. At vero eos et accusam et justo duo dolores et ea rebum. 
    <strong>
      Stet clita
    </strong>
     kasd gubergren, no sea takimata sanctus est Lorem 
    <strong>
      ipsum dolor sit
    </strong>
     amet. Lorem ipsum dolor sit amet, consetetur sadipscing elitr, sed diam nonumy eirmod tempor invidunt ut labore et dolore magna aliquyam erat, sed diam voluptua. At vero eos et accusam et 
    <strong>
      justo duo dolores
    </strong>
     et ea rebum. Stet clita kasd gubergren, no sea takimata sanctus est Lorem ipsum dolor sit amet.
    <span
      className="hero__author"
    >
      Ã„xel
    </span>
  </p>
  <p
    className="socials__container"
  >
    <a
      className="socials__item"
      href="https://www.facebook.com/AxelSpringerKarriere/"
    >
      <svg
        fill="currentColor"
        height="1em"
        preserveAspectRatio="xMidYMid meet"
        style={
          Object {
            "color": undefined,
            "verticalAlign": "middle",
          }
        }
        viewBox="0 0 40 40"
        width="1em"
      >
        <g>
          <path
            d="m29.4 0.3v5.9h-3.5q-1.9 0-2.6 0.8t-0.7 2.4v4.2h6.6l-0.9 6.6h-5.7v16.9h-6.8v-16.9h-5.7v-6.6h5.7v-4.9q0-4.1 2.3-6.4t6.2-2.3q3.3 0 5.1 0.3z"
          />
        </g>
      </svg>
    </a>
    <a
      className="socials__item"
      href=""
    >
      <svg
        fill="currentColor"
        height="1em"
        preserveAspectRatio="xMidYMid meet"
        style={
          Object {
            "color": undefined,
            "verticalAlign": "middle",
          }
        }
        viewBox="0 0 40 40"
        width="1em"
      >
        <g>
          <path
            d="m25.2 20.3q0 3.6-1.6 6.5t-4.3 4.4-6.5 1.6q-2.6 0-5-1t-4.1-2.7-2.7-4.1-1-5 1-5 2.7-4.1 4.1-2.7 5-1q5 0 8.6 3.3l-3.5 3.4q-2-2-5.1-2-2.1 0-4 1.1t-2.8 2.9-1.1 4.1 1.1 4.1 2.8 2.9 4 1.1q1.5 0 2.7-0.4t2-1 1.4-1.4 0.8-1.4 0.4-1.3h-7.3v-4.4h12.1q0.3 1.1 0.3 2.1z m15.1-2.1v3.6h-3.6v3.7h-3.7v-3.7h-3.7v-3.6h3.7v-3.7h3.7v3.7h3.6z"
          />
        </g>
      </svg>
    </a>
    <a
      className="socials__item"
      href="https://twitter.com/axelspringer"
    >
      <svg
        fill="currentColor"
        height="1em"
        preserveAspectRatio="xMidYMid meet"
        style={
          Object {
            "color": undefined,
            "verticalAlign": "middle",
          }
        }
        viewBox="0 0 40 40"
        width="1em"
      >
        <g>
          <path
            d="m37.7 9.1q-1.5 2.2-3.7 3.7 0.1 0.3 0.1 1 0 2.9-0.9 5.8t-2.6 5.5-4.1 4.7-5.7 3.3-7.2 1.2q-6.1 0-11.1-3.3 0.8 0.1 1.7 0.1 5 0 9-3-2.4-0.1-4.2-1.5t-2.6-3.5q0.8 0.1 1.4 0.1 1 0 1.9-0.3-2.5-0.5-4.1-2.5t-1.7-4.6v0q1.5 0.8 3.3 0.9-1.5-1-2.4-2.6t-0.8-3.4q0-2 0.9-3.7 2.7 3.4 6.6 5.4t8.3 2.2q-0.2-0.9-0.2-1.7 0-3 2.1-5.1t5.1-2.1q3.2 0 5.3 2.3 2.4-0.5 4.6-1.7-0.8 2.5-3.2 3.9 2.1-0.2 4.2-1.1z"
          />
        </g>
      </svg>
    </a>
  </p>
  <ProgressiveImage
    blurRadius="20"
    className="hero__image"
    src="static/work.jpg"
    thumbnail="static/thumbnails/work.jpg"
  />
  <img
    className="hero__scrollDown"
    onClick={[Function]}
    src="static/arrow.png"
  />
</header>
`;
